Unexpected case deltas (22):
- example:bridge-early-retirement endingAfterTaxEstate: 10,726,629 -> 10,730,807 (delta +4,178)
- example:bridge-early-retirement endingInvestable: 11,972,871 -> 11,977,572 (delta +4,701)
- example:bridge-early-retirement endingNetWorth: 11,972,871 -> 11,977,572 (delta +4,701)
- example:bridge-early-retirement lifetimeTaxesAndPenalties: 1,452,039 -> 1,451,864 (delta -175)
- example:early-career-match endingAfterTaxEstate: 15,443,046 -> 15,445,677 (delta +2,631)
- example:early-career-match endingInvestable: 17,025,657 -> 17,028,288 (delta +2,631)
- example:early-career-match endingNetWorth: 17,025,657 -> 17,028,288 (delta +2,631)
- example:early-career-match lifetimeTaxesAndPenalties: 2,806,799 -> 2,806,009 (delta -790)
- example:glidepath-allocation endingAfterTaxEstate: 1,272,037 -> 1,272,656 (delta +619)
- example:glidepath-allocation endingInvestable: 1,272,037 -> 1,272,656 (delta +619)
- example:glidepath-allocation endingNetWorth: 1,272,037 -> 1,272,656 (delta +619)
- example:glidepath-allocation lifetimeTaxesAndPenalties: 347,184 -> 347,019 (delta -165)
- example:glidepath-allocation lifetimeRothConversions: 765,715 -> 765,919 (delta +204)
- example:hsa-stealth-retirement endingAfterTaxEstate: 4,023,781 -> 4,031,753 (delta +7,972)
- example:hsa-stealth-retirement endingInvestable: 4,484,179 -> 4,493,651 (delta +9,472)
- example:hsa-stealth-retirement endingNetWorth: 4,484,179 -> 4,493,651 (delta +9,472)
- example:hsa-stealth-retirement lifetimeTaxesAndPenalties: 808,157 -> 807,950 (delta -207)
- example:static-allocation-control endingAfterTaxEstate: 839,732 -> 840,095 (delta +363)
- example:static-allocation-control endingInvestable: 839,732 -> 840,095 (delta +363)
- example:static-allocation-control endingNetWorth: 839,732 -> 840,095 (delta +363)
- example:static-allocation-control lifetimeTaxesAndPenalties: 329,064 -> 328,960 (delta -104)
- example:static-allocation-control lifetimeRothConversions: 759,693 -> 759,850 (delta +157)
